procs -----------memory---------- ---swap-- -----io---- -system-- -------cpu-------
 r  b   swpd   free   buff  cache   si   so    bi    bo   in   cs us sy id wa st gu
 7  1      0 34387120 1298132 26474900    0    0    10   273 4426    3  4  0 96  0  0  0
12  0      0 34103692 1298132 26474956    0    0     0  2926 16393 27853 43  3 55  0  0  0
13  0      0 34086744 1298132 26474960    0    0     0   418 14522 7429 51  1 47  0  0  0
12  0      0 34086740 1298132 26474980    0    0     0   122 13726 6050 52  1 48  0  0  0
12  0      0 34088396 1298132 26474988    0    0     0    88 13703 6344 51  1 49  0  0  0
13  0      0 34069468 1298132 26474976    0    0     0   274 15547 9964 52  1 47  0  0  0
13  0      0 34018396 1298132 26475008    0    0     0   188 16132 8496 59  1 40  0  0  0
12  0      0 34019256 1298132 26474996    0    0     0   110 14418 6857 52  1 47  0  0  0
12  0      0 34020236 1298132 26475016    0    0     0   102 13601 5773 51  1 49  0  0  0
14  0      0 34023688 1298132 26475024    0    0     0    84 13862 6712 51  1 48  0  0  0
11  1      0 34027528 1298132 26475052    0    0     0   306 15316 9643 52  1 47  0  0  0
10  0      0 34033056 1298132 26475064    0    0     0   102 14368 7407 51  1 48  0  0  0
11  0      0 34041424 1298132 26475080    0    0     0    80 14142 6708 52  1 47  0  0  0
10  0      0 34030232 1298132 26475116    0    0     0   150 14345 7017 51  1 48  0  0  0
10  0      0 34025916 1298132 26475124    0    0     0   124 13894 6733 51  1 48  0  0  0
11  1      0 34019820 1298132 26475144    0    0     0   286 15570 9671 52  1 47  0  0  0
13  0      0 34016364 1298132 26475152    0    0     0  1630 14244 6937 51  1 49  0  0  0
10  0      0 34018520 1298132 26475172    0    0     0    88 14156 6758 52  1 47  0  0  0
10  0      0 34081400 1298132 26475188    0    0     0   118 16842 6921 52  1 47  0  0  0
10  0      0 34118856 1298132 26475200    0    0     0    82 14500 6429 52  1 48  0  0  0
11  1      0 34123736 1298132 26475244    0    0     0   336 15866 10022 52  1 46  0  0  0
procs -----------memory---------- ---swap-- -----io---- -system-- -------cpu-------
 r  b   swpd   free   buff  cache   si   so    bi    bo   in   cs us sy id wa st gu
11  0      0 34130788 1298132 26475264    0    0     0   218 14249 6891 51  1 48  0  0  0
10  0      0 34131412 1298132 26475276    0    0     0    76 14145 6441 52  1 47  0  0  0
10  0      0 34130128 1298132 26475288    0    0     0   104 13940 6388 51  1 48  0  0  0
10  0      0 34127368 1298132 26475304    0    0     0    84 13791 6518 51  1 48  0  0  0
11  1      0 34128180 1298132 26475332    0    0     0   210 15149 9323 52  1 47  0  0  0
10  0      0 34121648 1298132 26475340    0    0     0   184 14432 7634 51  1 48  0  0  0
13  0      0 34123636 1298132 26475356    0    0     0    78 13857 6668 51  1 48  0  0  0
10  0      0 34121832 1298132 26475408    0    0     0   152 14235 6841 51  1 48  0  0  0
10  0      0 34124248 1298132 26475404    0    0     0   114 14168 7290 51  1 48  0  0  0
11  1      0 34122972 1298132 26475424    0    0     0   158 15492 10034 52  1 47  0  0  0
10  0      0 34117620 1298132 26475424    0    0     0   354 14551 8101 51  1 48  0  0  0
11  0      0 34117500 1298132 26475444    0    0     0   194 14073 6685 52  1 47  0  0  0
10  0      0 34113384 1298132 26475460    0    0     0    50 14015 6520 51  1 48  0  0  0
10  0      0 34117256 1298132 26475468    0    0     0   232 13922 6525 51  1 49  0  0  0
11  0      0 34120224 1298132 26475484    0    0     0   362 14849 9049 51  1 48  0  0  0
11  0      0 34123724 1298132 26475504    0    0     0   176 14848 7478 52  1 47  0  0  0
10  0      0 34126536 1298132 26475520    0    0     0   116 13681 6337 51  1 49  0  0  0
13  0      0 34119540 1298132 26475524    0    0     0    54 13728 6274 51  1 48  0  0  0
10  0      0 34119884 1298132 26475544    0    0     0   182 14609 7173 52  1 47  0  0  0
11  1      0 34125796 1298132 26475568    0    0     0   238 15171 8999 51  1 48  0  0  0
10  0      0 34118320 1298132 26475576    0    0     0   160 14625 7543 51  1 48  0  0  0
procs -----------memory---------- ---swap-- -----io---- -system-- -------cpu-------
 r  b   swpd   free   buff  cache   si   so    bi    bo   in   cs us sy id wa st gu
11  0      0 34118724 1298132 26475588    0    0     0    92 13475 6133 51  1 49  0  0  0
12  0      0 34120596 1298132 26475604    0    0     0   138 13724 6317 51  1 49  0  0  0
10  0      0 34112224 1298132 26475620    0    0     0   170 14674 7315 51  1 48  0  0  0
11  1      0 34118852 1298132 26475684    0    0     0   166 15270 9308 52  1 47  0  0  0
10  0      0 34130380 1298132 26475684    0    0     0   390 14592 7561 51  1 48  0  0  0
11  0      0 34129640 1298132 26475688    0    0     0    92 14157 7016 52  1 48  0  0  0
10  0      0 34127488 1298132 26475708    0    0     0    78 13518 5870 51  1 49  0  0  0
10  0      0 34117872 1298132 26475724    0    0     0   192 14272 6911 51  1 48  0  0  0
11  0      0 34112752 1298148 26475872    0    0    76   282 15633 9611 52  1 46  0  0  0
11  0      0 34123872 1298148 26475896    0    0     0   354 14413 7181 51  1 48  0  0  0
10  0      0 34113176 1298148 26475916    0    0     0   170 13679 6185 51  1 48  0  0  0
12  0      0 34112896 1298148 26475452    0    0     4  6088 16302 12931 51  1 47  1  0  0
13  0      0 34110196 1298148 26475452    0    0     0  5932 17452 15081 51  1 46  1  0  0
13  0      0 34123800 1298148 26475460    0    0     0   146 15064 9303 51  1 48  0  0  0
11  0      0 34124572 1298148 26475476    0    0     0   102 13992 6729 51  1 49  0  0  0
10  0      0 34119348 1298148 26475488    0    0     0   162 14244 6702 51  1 48  0  0  0
10  0      0 34118144 1298148 26475504    0    0     0    98 13577 5881 51  1 49  0  0  0
10  0      0 34116032 1298148 26475520    0    0     0   106 14279 6996 51  1 48  0  0  0
11  1      0 34110112 1298148 26475532    0    0     0   306 14725 8722 51  1 48  0  0  0
10  0      0 34121012 1298148 26475548    0    0     0   272 13736 6653 51  1 49  0  0  0
10  0      0 34106436 1298148 26475560    0    0     0   368 14250 6734 51  1 48  0  0  0
procs -----------memory---------- ---swap-- -----io---- -system-- -------cpu-------
 r  b   swpd   free   buff  cache   si   so    bi    bo   in   cs us sy id wa st gu
11  0      0 34104852 1298148 26475576    0    0     0    76 13456 5721 51  1 49  0  0  0
10  0      0 34100876 1298148 26475580    0    0     0   184 14014 6748 51  1 48  0  0  0
12  0      0 34108952 1298148 26475584    0    0     0   284 16080 10348 53  1 46  0  0  0
11  0      0 34113540 1298148 26475636    0    0     0   660 15014 9565 51  1 47  0  0  0
