PFLOTRAN Generator Log
==================================================

Generated: 2026-01-22 11:09:33 (Local Time)
Output Directory: /Users/christiandewey/Code/dewey-etal_meanders/pflotran/simulations/mzt18/2026-01-22/2026-01-22_11-09-33
Simulation Directory: /Users/christiandewey/Code/dewey-etal_meanders/pflotran/simulations/mzt18
Template Directory: /Users/christiandewey/Code/dewey-etal_meanders/pflotran/simulations

Arguments
--------------------------------------------------
  year:            2018
  meander:         mzt
  nx:              108
  upstream_h:      1.84
  downstream_h:    1.46
  final_time:      5131 h
  grid_file:       ../../xxgrid010-mz-cxc-top.h5
  upstream_file:   hydro_us_2018_4-1_10-31-MZT.txt
  downstream_file: hydro_ds_2018_4-1_10-31-MZT.txt

DATUM Calculation
--------------------------------------------------
  First DATUM (ix=0): 1.840000 m
  Last DATUM (ix=107): 1.460000 m
  Second DATUM (ix=1): 1.836449 m
  Linear interpolation between upstream and downstream

Created Files
--------------------------------------------------
  pflotran-mzt18_2026-01-22_11-09-33_spin.in
  pflotran-mzt18_2026-01-22_11-09-33.in
  generation.log

Boundary Condition Files
--------------------------------------------------
  river_chem.txt
  river_transport_constraint.txt
  top_chem.txt
  top_transport_constraint.txt
  trans-top-bcs/ (directory with BC files)

Copied Files
--------------------------------------------------
  hanford-cd.dat
  hydro_us_2018_4-1_10-31-MZT.txt
  hydro_ds_2018_4-1_10-31-MZT.txt
  TEMPLATE-constraint.txt
  TEMPLATE-chemistry.txt
  TEMPLATE-pflotran.in
  TEMPLATE-pflotran-spin.in
