[r1n05:55185] [[21764,0],0] ORTE_ERROR_LOG: Out of resource in file ../../orte/util/show_help.c at line 501
--------------------------------------------------------------------------
WARNING: There was an error initializing an OpenFabrics device.

  Local host:   r1n05
  Local device: mlx5_0
--------------------------------------------------------------------------
--------------------------------------------------------------------------
By default, for Open MPI 4.0 and later, infiniband ports on a device
are not used by default.  The intent is to use UCX for these devices.
You can override this policy by setting the btl_openib_allow_ib MCA parameter
to true.

  Local host:              r1n05
  Local adapter:           mlx5_0
  Local port:              1

--------------------------------------------------------------------------
[r1n05:55185] 3 more processes have sent help message help-mpi-btl-openib.txt / error in device init
[r1n05:55185] Set MCA parameter "orte_base_help_aggregate" to 0 to see all help / error messages
[r1n05:55185] 2 more processes have sent help message help-mpi-btl-openib.txt / ib port not selected
--------------------------------------------------------------------------
By default, for Open MPI 4.0 and later, infiniband ports on a device
are not used by default.  The intent is to use UCX for these devices.
You can override this policy by setting the btl_openib_allow_ib MCA parameter
to true.

  Local host:              r1n05
  Local adapter:           mlx5_0
  Local port:              1

--------------------------------------------------------------------------
--------------------------------------------------------------------------
WARNING: There was an error initializing an OpenFabrics device.

  Local host:   r1n05
  Local device: mlx5_0
--------------------------------------------------------------------------
[r1n05:58466] 3 more processes have sent help message help-mpi-btl-openib.txt / ib port not selected
[r1n05:58466] Set MCA parameter "orte_base_help_aggregate" to 0 to see all help / error messages
[r1n05:58466] 3 more processes have sent help message help-mpi-btl-openib.txt / error in device init
