--------------------------------------------------------------------------
By default, for Open MPI 4.0 and later, infiniband ports on a device
are not used by default.  The intent is to use UCX for these devices.
You can override this policy by setting the btl_openib_allow_ib MCA parameter
to true.

  Local host:              r1n01
  Local adapter:           mlx5_0
  Local port:              1

--------------------------------------------------------------------------
--------------------------------------------------------------------------
WARNING: There was an error initializing an OpenFabrics device.

  Local host:   r1n01
  Local device: mlx5_0
--------------------------------------------------------------------------
[r1n01:57076] 3 more processes have sent help message help-mpi-btl-openib.txt / ib port not selected
[r1n01:57076] Set MCA parameter "orte_base_help_aggregate" to 0 to see all help / error messages
[r1n01:57076] 3 more processes have sent help message help-mpi-btl-openib.txt / error in device init
--------------------------------------------------------------------------
By default, for Open MPI 4.0 and later, infiniband ports on a device
are not used by default.  The intent is to use UCX for these devices.
You can override this policy by setting the btl_openib_allow_ib MCA parameter
to true.

  Local host:              r1n01
  Local adapter:           mlx5_0
  Local port:              1

--------------------------------------------------------------------------
--------------------------------------------------------------------------
WARNING: There was an error initializing an OpenFabrics device.

  Local host:   r1n01
  Local device: mlx5_0
--------------------------------------------------------------------------
[r1n01:33195] 3 more processes have sent help message help-mpi-btl-openib.txt / ib port not selected
[r1n01:33195] Set MCA parameter "orte_base_help_aggregate" to 0 to see all help / error messages
[r1n01:33195] 3 more processes have sent help message help-mpi-btl-openib.txt / error in device init
--------------------------------------------------------------------------
Primary job  terminated normally, but 1 process returned
a non-zero exit code. Per user-direction, the job has been aborted.
--------------------------------------------------------------------------
--------------------------------------------------------------------------
mpirun detected that one or more processes exited with non-zero status, thus causing
the job to be terminated. The first process to do so was:

  Process name: [[47726,1],2]
  Exit code:    87
--------------------------------------------------------------------------
