PFLOTRAN Generator Log
==================================================

Generated: 2026-01-01 12:21:00 (Local Time)
Output Directory: /Users/christiandewey/Code/dewey-etal_meanders/pflotran/simulations/mzt18/2026-01-01/2026-01-01_12-21-00

Arguments
--------------------------------------------------
  year:            2018
  meander:         mzt
  nx:              108
  upstream_h:      1.84
  downstream_h:    1.46
  upstream_file:   hydro_us_2018_4-1_10-31-MZT.txt
  downstream_file: hydro_ds_2018_4-1_10-31-MZT.txt

DATUM Calculation
--------------------------------------------------
  First DATUM (ix=0): 1.840000 m
  Last DATUM (ix=107): 1.460000 m
  Second DATUM (ix=1): 1.836449 m
  Linear interpolation between upstream and downstream

Created Files
--------------------------------------------------
  pflotran-mzt18_2026-01-01_12-21-00_spin.in
  pflotran-mzt18_2026-01-01_12-21-00.in
  generation.log

Boundary Condition Files
--------------------------------------------------
  river_chem.txt
  river_transport_constraint.txt
  top_chem.txt
  top_transport_constraint.txt
  trans-top-bcs/ (directory with BC files)

Template Files Used
--------------------------------------------------
  TEMPLATE-constraint.txt
  TEMPLATE-chemistry.txt
  TEMPLATE-pflotran.in
  TEMPLATE-pflotran-spin.in

Copied Files
--------------------------------------------------
  hanford-cd.dat
  hydro_us_2018_4-1_10-31-MZT.txt
  hydro_ds_2018_4-1_10-31-MZT.txt
  TEMPLATE-constraint.txt
  TEMPLATE-chemistry.txt
  TEMPLATE-pflotran.in
  TEMPLATE-pflotran-spin.in
